// Jest Snapshot v1, https://goo.gl/fbAQLP

exports[`TrustVerifierModal renders modal content when open 1`] = `
<div>
  <div
    data-testid="ModalWrapper-Mock"
  >
    <div
      class="wrapper"
      data-testid="trust-verifier-content"
    >
      <div
        class="logoContainer"
      >
        <img
          alt="Test Verifier logo"
          class="logoImage"
          data-testid="img-default-logo"
          src="logo.svg"
        />
      </div>
      <h1
        class="title"
        data-testid="title-verifier-name"
      >
        Test Verifier
      </h1>
      <p
        class="description"
        data-testid="text-modal-description"
      >
        modal.description
      </p>
      <ul
        class="list"
      >
        <li
          class="listItem"
          data-testid="text-trust-point-1"
        >
          <span
            aria-hidden="true"
            class="listItemBullet"
          >
            •
          </span>
          <span>
            modal.benefitSaveSecurely
          </span>
        </li>
        <li
          class="listItem"
          data-testid="text-trust-point-2"
        >
          <span
            aria-hidden="true"
            class="listItemBullet"
          >
            •
          </span>
          <span>
            modal.benefitAddToTrustedList
          </span>
        </li>
        <li
          class="listItem"
          data-testid="text-trust-point-3"
        >
          <span
            aria-hidden="true"
            class="listItemBullet"
          >
            •
          </span>
          <span>
            modal.benefitSkipReviewFuture
          </span>
        </li>
      </ul>
      <div
        class="buttonsContainer"
      >
        <button
          data-testid="btn-trust-verifier"
        >
          modal.trustButton
        </button>
        <button
          data-testid="btn-not-trust-verifier"
        >
          modal.notTrustButton
        </button>
        <button
          data-testid="btn-cancel-trust-modal"
        >
          modal.cancelButton
        </button>
      </div>
      <div
        data-testid="btn-info-tooltip"
      >
        modal.infoTooltipButton
         - 
        modal.infoTooltipText
      </div>
    </div>
  </div>
</div>
`;
