// Jest Snapshot v1, https://goo.gl/fbAQLP

exports[`TrustVerifierModal renders modal content when open 1`] = `
<div>
  <div
    data-testid="ModalWrapper-Mock"
  >
    <div
      class="wrapper"
      data-testid="trust-verifier-content"
    >
      <div
        class="logoContainer"
      >
        <img
          alt="Test Verifier logo"
          class="logoImage"
          src="logo.svg"
        />
      </div>
      <h1
        class="title"
        id="trustscreen-title"
      >
        Test Verifier
      </h1>
      <p
        class="description"
        id="trustscreen-description"
      >
        modal.description
      </p>
      <ul
        class="list"
      >
        <li
          class="listItem"
        >
          <span
            aria-hidden="true"
            class="listItemBullet"
          >
            •
          </span>
          <span>
            modal.point1
          </span>
        </li>
        <li
          class="listItem"
        >
          <span
            aria-hidden="true"
            class="listItemBullet"
          >
            •
          </span>
          <span>
            modal.point2
          </span>
        </li>
        <li
          class="listItem"
        >
          <span
            aria-hidden="true"
            class="listItemBullet"
          >
            •
          </span>
          <span>
            modal.point3
          </span>
        </li>
      </ul>
      <div
        class="buttonsContainer"
      >
        <button
          data-testid="trustscreen-yes-button"
        >
          modal.trustButton
        </button>
        <button
          data-testid="trustscreen-no-button"
        >
          modal.notTrustButton
        </button>
        <div
          class=""
        >
          <div
            class="rounded-lg text-center cursor-pointer "
          >
            <div
              class="py-2 px-4 rounded-lg bg-white"
            >
              <button
                class="rounded-lg"
                data-testid="trustscreen-cancel-button"
              >
                <span
                  class="bg-gradient-to-r from-iw-primary to-iw-secondary bg-clip-text text-md font-medium text-transparent"
                >
                  modal.cancelButton
                </span>
              </button>
            </div>
          </div>
        </div>
      </div>
      <div
        data-testid="info-tooltip"
      >
        modal.infoTooltipButton
         - 
        modal.infoTooltipText
      </div>
    </div>
  </div>
</div>
`;
