// Jest Snapshot v1, https://goo.gl/fbAQLP

exports[`MenuItem Component renders correctly and matches snapshot 1`] = `
<div>
  <button
    class="w-full text-left px-4 py-2 text-sm text-gray-700 hover:bg-gray-100"
    data-testid="test-menu-item"
    role="menuitem"
  >
    Test Item
  </button>
</div>
`;
