// Jest Snapshot v1, https://goo.gl/fbAQLP

exports[`HeaderTile Layout Tests check the presence of the container 1`] = `
<DocumentFragment>
  <div
    class="font-bold text-iw-title mt-8 text-xl flex"
    data-testid="HeaderTile-Text"
  >
    No Issuers Found
  </div>
  <div
    class="text-iw-subTitle text-md mb-8 mt-2 flex"
    data-testid="HeaderTile-Text-subContent"
  >
    No Issuers Found
  </div>
</DocumentFragment>
`;
