// Jest Snapshot v1, https://goo.gl/fbAQLP

exports[`Test CredentialList Component matches the credentials list snapshot 1`] = `
<DocumentFragment>
  <div
    class="font-bold text-iw-title mt-8 text-xl flex"
    data-testid="HeaderTile-Text"
  >
    containerHeading
  </div>
  <div
    class="text-iw-subTitle text-md mb-8 mt-2 flex"
    data-testid="HeaderTile-Text-subContent"
  >
    containerSubHeading
  </div>
  <div
    class="grid grid-cols-8 gap-6 md:grid-cols-6 sm:grid-cols-4"
  >
    <div
      class="bg-iw-tileBackground w-48 h-48 flex flex-col shadow hover:shadow-lg hover:scale-110 hover:shadow-iw-selectedShadow p-5 m-4 rounded-md cursor-pointer items-center"
      data-testid="ItemBox-Outer-Container-0"
      role="menuitem"
      tabindex="0"
    >
      <img
        alt="Issuer Logo"
        class="w-20 h-20 items-center justify-center me-4 flex"
        data-testid="ItemBox-Logo"
        src="https://url.com"
      />
      <div
        class="flex justify-center items-center pt-4"
      >
        <h3
          class="flex text-sm font-semibold text-iw-title text-center"
          data-testid="ItemBox-Text"
        >
          Name1
        </h3>
      </div>
    </div>
    <div
      class="bg-iw-tileBackground w-48 h-48 flex flex-col shadow hover:shadow-lg hover:scale-110 hover:shadow-iw-selectedShadow p-5 m-4 rounded-md cursor-pointer items-center"
      data-testid="ItemBox-Outer-Container-1"
      role="menuitem"
      tabindex="0"
    >
      <img
        alt="Issuer Logo"
        class="w-20 h-20 items-center justify-center me-4 flex"
        data-testid="ItemBox-Logo"
        src="https://url.com"
      />
      <div
        class="flex justify-center items-center pt-4"
      >
        <h3
          class="flex text-sm font-semibold text-iw-title text-center"
          data-testid="ItemBox-Text"
        >
          Name2
        </h3>
      </div>
    </div>
  </div>
</DocumentFragment>
`;

exports[`Test CredentialList Component matches the empty credentials list snapshot 1`] = `
<DocumentFragment>
  <div>
    <div
      class="font-bold text-iw-title mt-8 text-xl flex"
      data-testid="HeaderTile-Text"
    >
      containerHeading
    </div>
    <div
      class="text-iw-subTitle text-md mb-8 mt-2 flex"
      data-testid="HeaderTile-Text-subContent"
    >
      containerSubHeading
    </div>
    <div
      class="flex justify-center items-center w-full mx-auto bg-iw-background
 my-auto flex-col h-72 shadow-md shadow-iw-shadow border-t-iw-shadow px-10"
      data-testid="EmptyList-Outer-Container"
    >
      <p
        class="text-center text-light-title dark:text-dark-title"
        data-testid="EmptyList-Text"
      >
        emptyContainerContent
      </p>
    </div>
  </div>
</DocumentFragment>
`;

exports[`Test CredentialList Component matches the error state snapshot 1`] = `
<DocumentFragment>
  <div>
    <div
      class="font-bold text-iw-title mt-8 text-xl flex"
      data-testid="HeaderTile-Text"
    >
      containerHeading
    </div>
    <div
      class="text-iw-subTitle text-md mb-8 mt-2 flex"
      data-testid="HeaderTile-Text-subContent"
    >
      containerSubHeading
    </div>
    <div
      class="flex justify-center items-center w-full mx-auto bg-iw-background
 my-auto flex-col h-72 shadow-md shadow-iw-shadow border-t-iw-shadow px-10"
      data-testid="EmptyList-Outer-Container"
    >
      <p
        class="text-center text-light-title dark:text-dark-title"
        data-testid="EmptyList-Text"
      >
        emptyContainerContent
      </p>
    </div>
  </div>
</DocumentFragment>
`;

exports[`Test CredentialList Component matches the loading state snapshot 1`] = `
<DocumentFragment>
  <div
    class="flex justify-center items-center"
    data-testid="SpinningLoader-Container"
  >
    <div
      aria-busy="true"
      aria-label="oval-loading"
      class="sc-beySPh gZmPOF"
      data-testid="oval-loading"
      role="progressbar"
    >
      <svg
        data-testid="oval-svg"
        height="80"
        stroke="var(--iw-color-spinningLoaderPrimary)"
        viewBox="-20.5 -20.5 43 43"
        width="80"
        xmlns="http://www.w3.org/2000/svg"
      >
        <g
          fill="none"
          fill-rule="evenodd"
        >
          <g
            data-testid="oval-secondary-group"
            stroke-width="3"
            transform="translate(1 1)"
          >
            <circle
              cx="0"
              cy="0"
              r="20"
              stroke="var(--iw-color-spinningLoaderSecondary)"
              stroke-opacity=".5"
              stroke-width="3"
            />
            <path
              d="M20 0c0-9.94-8.06-20-20-20"
            >
              <animatetransform
                attributeName="transform"
                dur="1s"
                from="0 0 0"
                repeatCount="indefinite"
                to="360 0 0"
                type="rotate"
              />
            </path>
          </g>
        </g>
      </svg>
    </div>
  </div>
</DocumentFragment>
`;
