// Jest Snapshot v1, https://goo.gl/fbAQLP

exports[`Testing the Layout and Functionalities of EmptyDocument component check if the layout is matching with snapshot 1`] = `
<DocumentFragment>
  <div
    class="container mx-auto sm:px-2 md:px-4 lg:px-6 py-6 relative ml-3 sm:ml-0"
  >
    <div
      class="flex flex-col sm:flex-row justify-between items-start mb-4 sm:mb-6 gap-4 sm:gap-0"
    >
      <div
        class="flex items-start"
      >
        <div
          class="flex items-start"
        >
          <svg
            class="mr-2 cursor-pointer"
            data-testid="Back-Arrow-Icon"
            fill="none"
            height="29"
            viewBox="0 0 24 18"
            width="29"
            xmlns="http://www.w3.org/2000/svg"
          >
            <path
              d="M20 11H7.83l5.59-5.59L12 4l-8 8 8 8 1.41-1.41L7.83 13H20v-2z"
              fill="#000000"
            />
          </svg>
        </div>
        <div
          class="flex flex-col items-start"
        >
          <span
            class="text-2xl font-medium"
            data-testid="Stored-Credentials"
          >
            StoredCredentials.title
          </span>
          <span
            class="text-xs sm:text-sm text-[#5B03AD] cursor-pointer hover:underline"
            data-testid="Home"
          >
            Home.title
          </span>
        </div>
      </div>
      <div
        class="hidden sm:block"
      >
        <button
          class="bg-gradient-to-r from-[#FF5300] via-[#C5363C] to-[#5B03AD] text-white px-6 py-2 rounded-lg text-sm font-semibold shadow-sm transition-shadow"
          data-testid="Add-Credential"
        >
          StoredCredentials.header.addCredential
        </button>
      </div>
    </div>
    <div
      class="bg-white rounded-lg shadow-iw-emptyDocuments p-6 sm:p-8 md:p-10 flex flex-col items-center justify-center min-h-[500px] my-4 sm:my-8 md:my-16"
      data-testid="Blank-Document"
    >
      <svg
        class="mb-8 sm:mb-12 md:mb-20"
        data-testid="Document-Icon"
        fill="none"
        height="88"
        viewBox="0 0 68 88"
        width="88"
        xmlns="http://www.w3.org/2000/svg"
      >
        <path
          d="M17.847 88C15.611 88 13.744 87.246 12.246 85.739C10.749 84.231 10 82.353 10 80.102V7.898C10 5.647 10.749 3.769 12.246 2.261C13.744 0.754 15.611 0 17.847 0H56.143L78 22V80.102C78 82.353 77.251 84.231 75.754 85.739C74.256 87.246 72.389 88 70.153 88H17.847ZM53.714 24.444H73.143L53.714 4.889V24.444ZM27 70.889H61V66H27V70.889ZM27 51.333H61V46.444H27V51.333Z"
          fill="#DEDEDE"
        />
      </svg>
      <h2
        class="text-xl text-center sm:text-2xl font-medium text-gray-800 mb-2"
        data-testid="No-Credentials-Title"
      >
        StoredCredentials.emptyScreen.title
      </h2>
      <p
        class="text-gray-500 text-center max-w-md font-small"
        data-testid="No-Credentials-Subtitle"
      >
        Lorem ipsum dolor sit amet consectetur. Ut nis facilisi condimentum odio nunc sem nisi.
      </p>
      <div
        class="block sm:hidden mt-6"
      >
        <button
          class="bg-gradient-to-r from-[#FF5300] via-[#C5363C] to-[#5B03AD] text-white px-6 py-2 rounded-lg text-sm font-semibold shadow-sm transition-shadow"
          data-testid="Blank-Document-Add-Credential"
        >
          StoredCredentials.header.addCredential
        </button>
      </div>
    </div>
  </div>
</DocumentFragment>
`;
